// Jest Snapshot v1, https://goo.gl/fbAQLP

exports[`Breadcrumb renders without error 1`] = `
<div>
  <div
    class="breadcrumb"
  >
    <a
      class="breadcrumb__item"
      href="/"
      id="link-1"
    >
      Home
    </a>
    <span
      class="breadcrumb__separator"
    >
      /
    </span>
    <a
      class="breadcrumb__item"
      href="/"
      id="link-2"
    >
      Menu
    </a>
    <span
      class="breadcrumb__separator"
    >
      /
    </span>
    <a
      class="breadcrumb__item"
      href="/"
      id="link-3"
    >
      Profile
    </a>
    <span
      class="breadcrumb__separator"
    >
      /
    </span>
  </div>
</div>
`;
